=== W1.6 — 40-seed production gate-2 (z_comb) ===
Job ID:    18943612
Node:      nid001131
Container: /appl/local/quantum/qiskit/qiskit_2.3.0_csc.sif
YAML:      /flash/project_462001289/mucciard/HPCQC/HPCQC/examples/byo/floquet_dtc_q10_sweep.yaml (unmodified; --output-dir override)
Reference: /flash/project_462001289/mucciard/HPCQC/HPCQC/examples/reference/floquet_dtc_q10_autocorr.csv
OutputDir: /pfs/lustref1/flash/project_462001289/mucciard/HPCQC/HPCQC/sweep_output/w1_gate
Verifier:  /flash/project_462001289/mucciard/HPCQC/HPCQC/tests/_w1_z_comb_verify.py
Started:   Sat May 30 07:02:41 PM EEST 2026

/pfs,/appl,/project,/flash,/users,/projappl,/scratch,/etc/slurm/,/usr/lib64/pkgconfig/cray-xpmem.pc,/usr/lib64/libcxi.so,/usr/lib64/libcxi.so.1,/usr/lib64/libcxi.so.1.5.0,/usr/lib64/liblustreapi.so,/usr/lib64/liblustreapi.so.1.0.0,/usr/lib64/liblustreapi.so.1,/usr/lib64/liblnetconfig.so.4,/usr/lib64/liblnetconfig.so.4.0.0,/opt/cray/modulefiles/xpmem/2.11.5-1.3_g73ade43320bc,/usr/lib64/libxpmem.a,/usr/lib64/libxpmem.so,/usr/lib64/libxpmem.so.0,/usr/lib64/libxpmem.so.0.0.0,/opt/cray/libfabric/1.22.0,/opt/cray/modulefiles/libfabric,/etc/cray-pe.d/cray-pe-configuration.sh,/etc/passwd,/usr/lib64/libmunge.so.2,/run/munge,/var/lib/misc,/var/spool,/etc/host.conf,/etc/hosts,/etc/nsswitch.conf,/etc/resolv.conf,/etc/ssl/openssl.cnf

======================================================================
  SWEEP ENGINE — 0f2320bb
======================================================================

── Loading calibrations ──
  Loaded: examples/q50_calibration_20260524_08c3c70f.json

── Expanding sweep grid ──
  Total tasks: 2400
  Experiments: 1
  Calibrations: 1
  Manifest created: 2400 tasks
  Task groups: 1 (hamiltonian × topology × calibration)

── Executing sweep → /pfs/lustref1/flash/project_462001289/mucciard/HPCQC/HPCQC/sweep_output/w1_gate/sweep.h5 ──

  Group 1/1: examples/byo/floquet_dtc.py / byo / cal_20260524
    BYO: built examples/byo/floquet_dtc.py (10q, 9 2q-edges, num_kicks=59)
  Device Q50: 30750 valid placements for 10q circuit
    BYO: 1 placement(s) (top_1, device_calibrated guardrail)
    BYO: WARN: memory budget fell through to node RealMemory (node:MemTotal(RealMemory)) — NOT allocation-aware. safe_mem=221.0 GiB. Set --mem or run under a cgroup memory limit for an allocation-aware cap.
    BYO: dispatching 80 unit(s) to forkserver pool (cap=80; binding=num_units; 1 wave(s); all units treated as heavy [device_calibrated], D2 conservative). per_unit_peak=1.28 GiB [probe:device_calibrated_VmHWM]; safe_mem=221.0 GiB [node:MemTotal(RealMemory)]; usable_cores_physical=128; cpu_workers=128; mem_term=173.
    BYO: computed 80 (seed x placement x env) autocorrelator series

── Verifying WAL consistency ──
  WAL entries: 80
  HDF5 groups: 80
  Consistent: True

======================================================================
  SWEEP COMPLETE — 0f2320bb
  Tasks: 2400/2400
  Placements processed: 2400
  Simulations: 80
  Deduplicated: 0
  HDF5 writes: 80
  Errors: 0
  Elapsed: 1452.8s
  Output: /pfs/lustref1/flash/project_462001289/mucciard/HPCQC/HPCQC/sweep_output/w1_gate/sweep.h5
======================================================================

  Benchmark Parquet: 1 rows → /pfs/lustref1/flash/project_462001289/mucciard/HPCQC/HPCQC/sweep_output/w1_gate/sweep_benchmark.parquet
Sweep complete: SweepResult(sweep_id='0f2320bb', hdf5_path='/pfs/lustref1/flash/project_462001289/mucciard/HPCQC/HPCQC/sweep_output/w1_gate/sweep.h5', total_tasks=2400, total_placements=2400, total_simulations=80, total_deduplicated=0, total_hdf5_writes=80, total_errors=0, elapsed_seconds=1452.7610652446747, errors=[], placement_summary={})

=== Locate device-calibrated aggregated autocorrelator ===
Candidate: /pfs/lustref1/flash/project_462001289/mucciard/HPCQC/HPCQC/sweep_output/w1_gate/byo_dat/floquet_dtc/QB11-QB5-QB6-QB7-QB13-QB21-QB29-QB28-QB27-QB26/device_calibrated/aggregated_autocorr.dat

=== (2) z_comb gate (PASS iff 0 kicks beyond 5 sigma) ===
/pfs,/appl,/project,/flash,/users,/projappl,/scratch,/etc/slurm/,/usr/lib64/pkgconfig/cray-xpmem.pc,/usr/lib64/libcxi.so,/usr/lib64/libcxi.so.1,/usr/lib64/libcxi.so.1.5.0,/usr/lib64/liblustreapi.so,/usr/lib64/liblustreapi.so.1.0.0,/usr/lib64/liblustreapi.so.1,/usr/lib64/liblnetconfig.so.4,/usr/lib64/liblnetconfig.so.4.0.0,/opt/cray/modulefiles/xpmem/2.11.5-1.3_g73ade43320bc,/usr/lib64/libxpmem.a,/usr/lib64/libxpmem.so,/usr/lib64/libxpmem.so.0,/usr/lib64/libxpmem.so.0.0.0,/opt/cray/libfabric/1.22.0,/opt/cray/modulefiles/libfabric,/etc/cray-pe.d/cray-pe-configuration.sh,/etc/passwd,/usr/lib64/libmunge.so.2,/run/munge,/var/lib/misc,/var/spool,/etc/host.conf,/etc/hosts,/etc/nsswitch.conf,/etc/resolv.conf,/etc/ssl/openssl.cnf
================================================================
  W1.6 Z_COMB GATE VERIFIER
================================================================
  candidate        : /pfs/lustref1/flash/project_462001289/mucciard/HPCQC/HPCQC/sweep_output/w1_gate/byo_dat/floquet_dtc/QB11-QB5-QB6-QB7-QB13-QB21-QB29-QB28-QB27-QB26/device_calibrated/aggregated_autocorr.dat
  reference        : /flash/project_462001289/mucciard/HPCQC/HPCQC/examples/reference/floquet_dtc_q10_autocorr.csv
  seed counts      : candidate N=40, reference N=40
  kicks compared   : 60
  worst z_combined : 46.34
  kicks > 3 sigma  : 56  (flagged for review)
  kicks > 5 sigma  : 52  (gate-failing)
----------------------------------------------------------------
  VERDICT          : FAIL
================================================================
